// Vitest Snapshot v1, https://vitest.dev/guide/snapshot.html

exports[`render — SVG structure snapshot (visual regression, Ticket 3.2 testing requirement) > a small fixed fixture graph's rendered SVG markup matches its stored snapshot 1`] = `"<g id="archlens-viewport" transform="translate(305.5,232.5) scale(0.9)"><path class="archlens-edge" d="M 134,50 L 170,80 L 170,110" fill="none"></path><path class="archlens-edge" d="M 86,50 L 50,80 L 50,110" fill="none"></path><g class="archlens-node" data-node-id="a"><rect x="70" y="10" width="80" height="40" rx="6"></rect><text x="110" y="30" text-anchor="middle" dominant-baseline="central">Alpha</text></g><g class="archlens-node" data-node-id="b"><rect x="130" y="110" width="80" height="40" rx="6"></rect><text x="170" y="130" text-anchor="middle" dominant-baseline="central">Beta</text></g><g class="archlens-node" data-node-id="c"><rect x="10" y="110" width="80" height="40" rx="6"></rect><text x="50" y="130" text-anchor="middle" dominant-baseline="central">Gamma</text></g></g>"`;
